------------------------------------------------------------
TimeQuest Timing Analyzer Summary
------------------------------------------------------------

Type  : Slow 1000mV 85C Model Setup 'clk50M'
Slack : -4.251
TNS   : -98.605

Type  : Slow 1000mV 85C Model Setup 'clkdiv:u1|clkout'
Slack : -1.115
TNS   : -2.453

Type  : Slow 1000mV 85C Model Hold 'clk50M'
Slack : -0.261
TNS   : -0.261

Type  : Slow 1000mV 85C Model Hold 'clkdiv:u1|clkout'
Slack : 0.533
TNS   : 0.000

Type  : Slow 1000mV 85C Model Minimum Pulse Width 'clk50M'
Slack : -3.000
TNS   : -61.179

Type  : Slow 1000mV 85C Model Minimum Pulse Width 'clkdiv:u1|clkout'
Slack : -1.763
TNS   : -5.289

Type  : Slow 1000mV 0C Model Setup 'clk50M'
Slack : -4.101
TNS   : -93.862

Type  : Slow 1000mV 0C Model Setup 'clkdiv:u1|clkout'
Slack : -1.074
TNS   : -2.316

Type  : Slow 1000mV 0C Model Hold 'clk50M'
Slack : -0.271
TNS   : -0.271

Type  : Slow 1000mV 0C Model Hold 'clkdiv:u1|clkout'
Slack : 0.515
TNS   : 0.000

Type  : Slow 1000mV 0C Model Minimum Pulse Width 'clk50M'
Slack : -3.000
TNS   : -61.179

Type  : Slow 1000mV 0C Model Minimum Pulse Width 'clkdiv:u1|clkout'
Slack : -1.763
TNS   : -5.289

Type  : Fast 1000mV 0C Model Setup 'clk50M'
Slack : -1.887
TNS   : -40.389

Type  : Fast 1000mV 0C Model Setup 'clkdiv:u1|clkout'
Slack : -0.164
TNS   : -0.164

Type  : Fast 1000mV 0C Model Hold 'clk50M'
Slack : -0.286
TNS   : -0.286

Type  : Fast 1000mV 0C Model Hold 'clkdiv:u1|clkout'
Slack : 0.286
TNS   : 0.000

Type  : Fast 1000mV 0C Model Minimum Pulse Width 'clk50M'
Slack : -3.000
TNS   : -61.179

Type  : Fast 1000mV 0C Model Minimum Pulse Width 'clkdiv:u1|clkout'
Slack : -1.763
TNS   : -5.289

------------------------------------------------------------
